<html>
<body>
<pre>
<h1>µVision Build Log</h1>
<h2>Project:</h2>
C:\Users\Raju\Desktop\Github\Magnetomometer\Raju Contribution\C_Code_Test\C_Code_Test\USER\STM32-DEMO.uvproj
Project File Date:  07/22/2015

<h2>Output:</h2>
Build target 'RTC-DEMO'
linking...
Program Size: Code=8632 RO-data=912 RW-data=88 ZI-data=1024  
"..\Output\STM32-DEMO.axf" - 0 Error(s), 0 Warning(s).
</pre>
</body>
</html>
77-D: variable "i" was declared but never referenced
          int_T i;
main.c: 2 warnings, 0 errors
linking...
Program Size: Code=8632 RO-data=912 RW-data=88 ZI-data=1024  
"..\Output\STM32-DEMO.axf" - 0 Error(s), 2 Warning(s).
, 1 error
"..\Output\STM32-DEMO.axf" - 1 Error(s), 2 Warning(s).
Target not created
c...
compiling stm32f10x_gpio.c...
compiling stm32f10x_usart.c...
compiling stm32f10x_bkp.c...
compiling stm32f10x_rtc.c...
compiling stm32f10x_pwr.c...
compiling misc.c...
compiling core_cm3.c...
compiling system_stm32f10x.c...
compiling fft_fp.c...
compiling fft_fp_initialize.c...
compiling fft_fp_terminate.c...
compiling rt_nonfinite.c...
compiling rtGetInf.c...
compiling rtGetNaN.c...
"..\Output\STM32-DEMO.axf" - 1 Error(s), 2 Warning(s).
Target not created
