Product: MDK-ARM Professional 5.10
Component: ARM Compiler 5.04 update 1 (build 49)
Tool: armlink [5040049]

==============================================================================

Section Cross References

    startup_stm32f10x_hd.o(RESET) refers to startup_stm32f10x_hd.o(STACK) for __initial_sp
    startup_stm32f10x_hd.o(RESET) refers to startup_stm32f10x_hd.o(.text) for Reset_Handler
    startup_stm32f10x_hd.o(RESET) refers to stm32f10x_it.o(.text) for NMI_Handler
    startup_stm32f10x_hd.o(.text) refers to system_stm32f10x.o(.text) for SystemInit
    startup_stm32f10x_hd.o(.text) refers to entry.o(.ARM.Collect$$$$00000000) for __main
    main.o(.text) refers to usart1.o(.text) for USART1_Config
    main.o(.text) refers to printfa.o(i.__0printf) for __2printf
    main.o(.text) refers to fft_fp_initialize.o(.text) for fft_fp_initialize
    main.o(.text) refers to fft_fp.o(.text) for fft_fp
    main.o(.text) refers to main.o(.constdata) for .constdata
    usart1.o(.text) refers to stm32f10x_rcc.o(.text) for RCC_APB2PeriphClockCmd
    usart1.o(.text) refers to stm32f10x_gpio.o(.text) for GPIO_Init
    usart1.o(.text) refers to stm32f10x_usart.o(.text) for USART_Init
    stm32f10x_rcc.o(.text) refers to stm32f10x_rcc.o(.data) for .data
    stm32f10x_gpio.o(.text) refers to stm32f10x_rcc.o(.text) for RCC_APB2PeriphResetCmd
    stm32f10x_usart.o(.text) refers to stm32f10x_rcc.o(.text) for RCC_APB2PeriphResetCmd
    stm32f10x_bkp.o(.text) refers to stm32f10x_rcc.o(.text) for RCC_BackupResetCmd
    stm32f10x_pwr.o(.text) refers to stm32f10x_rcc.o(.text) for RCC_APB1PeriphResetCmd
    system_stm32f10x.o(.text) refers to system_stm32f10x.o(.data) for .data
    fft_fp.o(.text) refers to dscalb.o(.text) for __ARM_scalbn
    fft_fp.o(.text) refers to rt_nonfinite.o(.text) for rtIsNaN
    fft_fp.o(.text) refers to dadd.o(.text) for __aeabi_dadd
    fft_fp.o(.text) refers to ddiv.o(.text) for __aeabi_ddiv
    fft_fp.o(.text) refers to log10.o(i.log10) for log10
    fft_fp.o(.text) refers to dmul.o(.text) for __aeabi_dmul
    fft_fp.o(.text) refers to rt_nonfinite.o(.data) for rtNaN
    fft_fp_initialize.o(.text) refers to rt_nonfinite.o(.text) for rt_InitInfAndNaN
    rt_nonfinite.o(.text) refers to rtgetnan.o(.text) for rtGetNaN
    rt_nonfinite.o(.text) refers to rtgetinf.o(.text) for rtGetInf
    rt_nonfinite.o(.text) refers to cdcmple.o(.text) for __aeabi_cdcmpeq
    rt_nonfinite.o(.text) refers to cfcmple.o(.text) for __aeabi_cfcmpeq
    rt_nonfinite.o(.text) refers to rt_nonfinite.o(.data) for .data
    log10.o(i.__softfp_log10) refers (Special) to iusefp.o(.text) for __I$use$fp
    log10.o(i.__softfp_log10) refers to log10.o(i.log10) for log10
    log10.o(i.log10) refers (Special) to iusefp.o(.text) for __I$use$fp
    log10.o(i.log10) refers to dscalb.o(.text) for __ARM_scalbn
    log10.o(i.log10) refers to errno.o(i.__set_errno) for __set_errno
    log10.o(i.log10) refers to ddiv.o(.text) for __aeabi_ddiv
    log10.o(i.log10) refers to dflti.o(.text) for __aeabi_i2d
    log10.o(i.log10) refers to log.o(i.log) for log
    log10.o(i.log10) refers to dmul.o(.text) for __aeabi_dmul
    log10.o(i.log10) refers to dadd.o(.text) for __aeabi_dadd
    log10_x.o(i.____softfp_log10$lsc) refers (Special) to iusefp.o(.text) for __I$use$fp
    log10_x.o(i.____softfp_log10$lsc) refers to log10_x.o(i.__log10$lsc) for __log10$lsc
    log10_x.o(i.__log10$lsc) refers (Special) to iusefp.o(.text) for __I$use$fp
    log10_x.o(i.__log10$lsc) refers to dscalb.o(.text) for __ARM_scalbn
    log10_x.o(i.__log10$lsc) refers to errno.o(i.__set_errno) for __set_errno
    log10_x.o(i.__log10$lsc) refers to dflti.o(.text) for __aeabi_i2d
    log10_x.o(i.__log10$lsc) refers to log.o(i.log) for log
    log10_x.o(i.__log10$lsc) refers to dmul.o(.text) for __aeabi_dmul
    log10_x.o(i.__log10$lsc) refers to dadd.o(.text) for __aeabi_dadd
    entry.o(.ARM.Collect$$$$00000000) refers (Special) to entry10a.o(.ARM.Collect$$$$0000000D) for __rt_final_cpp
    entry.o(.ARM.Collect$$$$00000000) refers (Special) to entry11a.o(.ARM.Collect$$$$0000000F) for __rt_final_exit
    entry.o(.ARM.Collect$$$$00000000) refers (Special) to entry7b.o(.ARM.Collect$$$$00000008) for _main_clock
    entry.o(.ARM.Collect$$$$00000000) refers (Special) to entry8b.o(.ARM.Collect$$$$0000000A) for _main_cpp_init
    entry.o(.ARM.Collect$$$$00000000) refers (Special) to entry9a.o(.ARM.Collect$$$$0000000B) for _main_init
    entry.o(.ARM.Collect$$$$00000000) refers (Special) to entry5.o(.ARM.Collect$$$$00000004) for _main_scatterload
    entry.o(.ARM.Collect$$$$00000000) refers (Special) to entry2.o(.ARM.Collect$$$$00000001) for _main_stk
    printfb.o(i.__0fprintf$bare) refers to printfb.o(i._printf_core) for _printf_core
    printfb.o(i.__0fprintf$bare) refers to usart1.o(.text) for fputc
    printfb.o(i.__0printf$bare) refers to printfb.o(i._printf_core) for _printf_core
    printfb.o(i.__0printf$bare) refers to usart1.o(.text) for fputc
    printfb.o(i.__0printf$bare) refers to stdout.o(.data) for __stdout
    printfb.o(i.__0snprintf$bare) refers to printfb.o(i._printf_core) for _printf_core
    printfb.o(i.__0snprintf$bare) refers to printfb.o(i._snputc) for _snputc
    printfb.o(i.__0sprintf$bare) refers to printfb.o(i._printf_core) for _printf_core
    printfb.o(i.__0sprintf$bare) refers to printfb.o(i._sputc) for _sputc
    printfb.o(i.__0vfprintf$bare) refers to printfb.o(i._printf_core) for _printf_core
    printfb.o(i.__0vfprintf$bare) refers to usart1.o(.text) for fputc
    printfb.o(i.__0vprintf$bare) refers to printfb.o(i._printf_core) for _printf_core
    printfb.o(i.__0vprintf$bare) refers to usart1.o(.text) for fputc
    printfb.o(i.__0vprintf$bare) refers to stdout.o(.data) for __stdout
    printfb.o(i.__0vsnprintf$bare) refers to printfb.o(i._printf_core) for _printf_core
    printfb.o(i.__0vsnprintf$bare) refers to printfb.o(i._snputc) for _snputc
    printfb.o(i.__0vsprintf$bare) refers to printfb.o(i._printf_core) for _printf_core
    printfb.o(i.__0vsprintf$bare) refers to printfb.o(i._sputc) for _sputc
    printf0.o(i.__0fprintf$0) refers to printf0.o(i._printf_core) for _printf_core
    printf0.o(i.__0fprintf$0) refers to usart1.o(.text) for fputc
    printf0.o(i.__0printf$0) refers to printf0.o(i._printf_core) for _printf_core
    printf0.o(i.__0printf$0) refers to usart1.o(.text) for fputc
    printf0.o(i.__0printf$0) refers to stdout.o(.data) for __stdout
    printf0.o(i.__0snprintf$0) refers to printf0.o(i._printf_core) for _printf_core
    printf0.o(i.__0snprintf$0) refers to printf0.o(i._snputc) for _snputc
    printf0.o(i.__0sprintf$0) refers to printf0.o(i._printf_core) for _printf_core
    printf0.o(i.__0sprintf$0) refers to printf0.o(i._sputc) for _sputc
    printf0.o(i.__0vfprintf$0) refers to printf0.o(i._printf_core) for _printf_core
    printf0.o(i.__0vfprintf$0) refers to usart1.o(.text) for fputc
    printf0.o(i.__0vprintf$0) refers to printf0.o(i._printf_core) for _printf_core
    printf0.o(i.__0vprintf$0) refers to usart1.o(.text) for fputc
    printf0.o(i.__0vprintf$0) refers to stdout.o(.data) for __stdout
    printf0.o(i.__0vsnprintf$0) refers to printf0.o(i._printf_core) for _printf_core
    printf0.o(i.__0vsnprintf$0) refers to printf0.o(i._snputc) for _snputc
    printf0.o(i.__0vsprintf$0) refers to printf0.o(i._printf_core) for _printf_core
    printf0.o(i.__0vsprintf$0) refers to printf0.o(i._sputc) for _sputc
    printf1.o(i.__0fprintf$1) refers to printf1.o(i._printf_core) for _printf_core
    printf1.o(i.__0fprintf$1) refers to usart1.o(.text) for fputc
    printf1.o(i.__0printf$1) refers to printf1.o(i._printf_core) for _printf_core
    printf1.o(i.__0printf$1) refers to usart1.o(.text) for fputc
    printf1.o(i.__0printf$1) refers to stdout.o(.data) for __stdout
    printf1.o(i.__0snprintf$1) refers to printf1.o(i._printf_core) for _printf_core
    printf1.o(i.__0snprintf$1) refers to printf1.o(i._snputc) for _snputc
    printf1.o(i.__0sprintf$1) refers to printf1.o(i._printf_core) for _printf_core
    printf1.o(i.__0sprintf$1) refers to printf1.o(i._sputc) for _sputc
    printf1.o(i.__0vfprintf$1) refers to printf1.o(i._printf_core) for _printf_core
    printf1.o(i.__0vfprintf$1) refers to usart1.o(.text) for fputc
    printf1.o(i.__0vprintf$1) refers to printf1.o(i._printf_core) for _printf_core
    printf1.o(i.__0vprintf$1) refers to usart1.o(.text) for fputc
    printf1.o(i.__0vprintf$1) refers to stdout.o(.data) for __stdout
    printf1.o(i.__0vsnprintf$1) refers to printf1.o(i._printf_core) for _printf_core
    printf1.o(i.__0vsnprintf$1) refers to printf1.o(i._snputc) for _snputc
    printf1.o(i.__0vsprintf$1) refers to printf1.o(i._printf_core) for _printf_core
    printf1.o(i.__0vsprintf$1) refers to printf1.o(i._sputc) for _sputc
    printf1.o(i._printf_core) refers to uidiv.o(.text) for __aeabi_uidivmod
    printf2.o(i.__0fprintf$2) refers to printf2.o(i._printf_core) for _printf_core
    printf2.o(i.__0fprintf$2) refers to usart1.o(.text) for fputc
    printf2.o(i.__0printf$2) refers to printf2.o(i._printf_core) for _printf_core
    printf2.o(i.__0printf$2) refers to usart1.o(.text) for fputc
    printf2.o(i.__0printf$2) refers to stdout.o(.data) for __stdout
    printf2.o(i.__0snprintf$2) refers to printf2.o(i._printf_core) for _printf_core
    printf2.o(i.__0snprintf$2) refers to printf2.o(i._snputc) for _snputc
    printf2.o(i.__0sprintf$2) refers to printf2.o(i._printf_core) for _printf_core
    printf2.o(i.__0sprintf$2) refers to printf2.o(i._sputc) for _sputc
    printf2.o(i.__0vfprintf$2) refers to printf2.o(i._printf_core) for _printf_core
    printf2.o(i.__0vfprintf$2) refers to usart1.o(.text) for fputc
    printf2.o(i.__0vprintf$2) refers to printf2.o(i._printf_core) for _printf_core
    printf2.o(i.__0vprintf$2) refers to usart1.o(.text) for fputc
    printf2.o(i.__0vprintf$2) refers to stdout.o(.data) for __stdout
    printf2.o(i.__0vsnprintf$2) refers to printf2.o(i._printf_core) for _printf_core
    printf2.o(i.__0vsnprintf$2) refers to printf2.o(i._snputc) for _snputc
    printf2.o(i.__0vsprintf$2) refers to printf2.o(i._printf_core) for _printf_core
    printf2.o(i.__0vsprintf$2) refers to printf2.o(i._sputc) for _sputc
    printf3.o(i.__0fprintf$3) refers to printf3.o(i._printf_core) for _printf_core
    printf3.o(i.__0fprintf$3) refers to usart1.o(.text) for fputc
    printf3.o(i.__0printf$3) refers to printf3.o(i._printf_core) for _printf_core
    printf3.o(i.__0printf$3) refers to usart1.o(.text) for fputc
    printf3.o(i.__0printf$3) refers to stdout.o(.data) for __stdout
    printf3.o(i.__0snprintf$3) refers to printf3.o(i._printf_core) for _printf_core
    printf3.o(i.__0snprintf$3) refers to printf3.o(i._snputc) for _snputc
    printf3.o(i.__0sprintf$3) refers to printf3.o(i._printf_core) for _printf_core
    printf3.o(i.__0sprintf$3) refers to printf3.o(i._sputc) for _sputc
    printf3.o(i.__0vfprintf$3) refers to printf3.o(i._printf_core) for _printf_core
    printf3.o(i.__0vfprintf$3) refers to usart1.o(.text) for fputc
    printf3.o(i.__0vprintf$3) refers to printf3.o(i._printf_core) for _printf_core
    printf3.o(i.__0vprintf$3) refers to usart1.o(.text) for fputc
    printf3.o(i.__0vprintf$3) refers to stdout.o(.data) for __stdout
    printf3.o(i.__0vsnprintf$3) refers to printf3.o(i._printf_core) for _printf_core
    printf3.o(i.__0vsnprintf$3) refers to printf3.o(i._snputc) for _snputc
    printf3.o(i.__0vsprintf$3) refers to printf3.o(i._printf_core) for _printf_core
    printf3.o(i.__0vsprintf$3) refers to printf3.o(i._sputc) for _sputc
    printf3.o(i._printf_core) refers to uidiv.o(.text) for __aeabi_uidivmod
    printf4.o(i.__0fprintf$4) refers to printf4.o(i._printf_core) for _printf_core
    printf4.o(i.__0fprintf$4) refers to usart1.o(.text) for fputc
    printf4.o(i.__0printf$4) refers to printf4.o(i._printf_core) for _printf_core
    printf4.o(i.__0printf$4) refers to usart1.o(.text) for fputc
    printf4.o(i.__0printf$4) refers to stdout.o(.data) for __stdout
    printf4.o(i.__0snprintf$4) refers to printf4.o(i._printf_core) for _printf_core
    printf4.o(i.__0snprintf$4) refers to printf4.o(i._snputc) for _snputc
    printf4.o(i.__0sprintf$4) refers to printf4.o(i._printf_core) for _printf_core
    printf4.o(i.__0sprintf$4) refers to printf4.o(i._sputc) for _sputc
    printf4.o(i.__0vfprintf$4) refers to printf4.o(i._printf_core) for _printf_core
    printf4.o(i.__0vfprintf$4) refers to usart1.o(.text) for fputc
    printf4.o(i.__0vprintf$4) refers to printf4.o(i._printf_core) for _printf_core
    printf4.o(i.__0vprintf$4) refers to usart1.o(.text) for fputc
    printf4.o(i.__0vprintf$4) refers to stdout.o(.data) for __stdout
    printf4.o(i.__0vsnprintf$4) refers to printf4.o(i._printf_core) for _printf_core
    printf4.o(i.__0vsnprintf$4) refers to printf4.o(i._snputc) for _snputc
    printf4.o(i.__0vsprintf$4) refers to printf4.o(i._printf_core) for _printf_core
    printf4.o(i.__0vsprintf$4) refers to printf4.o(i._sputc) for _sputc
    printf4.o(i._printf_core) refers to uldiv.o(.text) for __aeabi_uldivmod
    printf5.o(i.__0fprintf$5) refers to printf5.o(i._printf_core) for _printf_core
    printf5.o(i.__0fprintf$5) refers to usart1.o(.text) for fputc
    printf5.o(i.__0printf$5) refers to printf5.o(i._printf_core) for _printf_core
    printf5.o(i.__0printf$5) refers to usart1.o(.text) for fputc
    printf5.o(i.__0printf$5) refers to stdout.o(.data) for __stdout
    printf5.o(i.__0snprintf$5) refers to printf5.o(i._printf_core) for _printf_core
    printf5.o(i.__0snprintf$5) refers to printf5.o(i._snputc) for _snputc
    printf5.o(i.__0sprintf$5) refers to printf5.o(i._printf_core) for _printf_core
    printf5.o(i.__0sprintf$5) refers to printf5.o(i._sputc) for _sputc
    printf5.o(i.__0vfprintf$5) refers to printf5.o(i._printf_core) for _printf_core
    printf5.o(i.__0vfprintf$5) refers to usart1.o(.text) for fputc
    printf5.o(i.__0vprintf$5) refers to printf5.o(i._printf_core) for _printf_core
    printf5.o(i.__0vprintf$5) refers to usart1.o(.text) for fputc
    printf5.o(i.__0vprintf$5) refers to stdout.o(.data) for __stdout
    printf5.o(i.__0vsnprintf$5) refers to printf5.o(i._printf_core) for _printf_core
    printf5.o(i.__0vsnprintf$5) refers to printf5.o(i._snputc) for _snputc
    printf5.o(i.__0vsprintf$5) refers to printf5.o(i._printf_core) for _printf_core
    printf5.o(i.__0vsprintf$5) refers to printf5.o(i._sputc) for _sputc
    printf5.o(i._printf_core) refers to uldiv.o(.text) for __aeabi_uldivmod
    printf6.o(i.__0fprintf$6) refers to printf6.o(i._printf_core) for _printf_core
    printf6.o(i.__0fprintf$6) refers to usart1.o(.text) for fputc
    printf6.o(i.__0printf$6) refers to printf6.o(i._printf_core) for _printf_core
    printf6.o(i.__0printf$6) refers to usart1.o(.text) for fputc
    printf6.o(i.__0printf$6) refers to stdout.o(.data) for __stdout
    printf6.o(i.__0snprintf$6) refers to printf6.o(i._printf_core) for _printf_core
    printf6.o(i.__0snprintf$6) refers to printf6.o(i._snputc) for _snputc
    printf6.o(i.__0sprintf$6) refers to printf6.o(i._printf_core) for _printf_core
    printf6.o(i.__0sprintf$6) refers to printf6.o(i._sputc) for _sputc
    printf6.o(i.__0vfprintf$6) refers to printf6.o(i._printf_core) for _printf_core
    printf6.o(i.__0vfprintf$6) refers to usart1.o(.text) for fputc
    printf6.o(i.__0vprintf$6) refers to printf6.o(i._printf_core) for _printf_core
    printf6.o(i.__0vprintf$6) refers to usart1.o(.text) for fputc
    printf6.o(i.__0vprintf$6) refers to stdout.o(.data) for __stdout
    printf6.o(i.__0vsnprintf$6) refers to printf6.o(i._printf_core) for _printf_core
    printf6.o(i.__0vsnprintf$6) refers to printf6.o(i._snputc) for _snputc
    printf6.o(i.__0vsprintf$6) refers to printf6.o(i._printf_core) for _printf_core
    printf6.o(i.__0vsprintf$6) refers to printf6.o(i._sputc) for _sputc
    printf6.o(i._printf_core) refers to printf6.o(i._printf_pre_padding) for _printf_pre_padding
    printf6.o(i._printf_core) refers to uidiv.o(.text) for __aeabi_uidivmod
    printf6.o(i._printf_core) refers to printf6.o(i._printf_post_padding) for _printf_post_padding
    printf7.o(i.__0fprintf$7) refers to printf7.o(i._printf_core) for _printf_core
    printf7.o(i.__0fprintf$7) refers to usart1.o(.text) for fputc
    printf7.o(i.__0printf$7) refers to printf7.o(i._printf_core) for _printf_core
    printf7.o(i.__0printf$7) refers to usart1.o(.text) for fputc
    printf7.o(i.__0printf$7) refers to stdout.o(.data) for __stdout
    printf7.o(i.__0snprintf$7) refers to printf7.o(i._printf_core) for _printf_core
    printf7.o(i.__0snprintf$7) refers to printf7.o(i._snputc) for _snputc
    printf7.o(i.__0sprintf$7) refers to printf7.o(i._printf_core) for _printf_core
    printf7.o(i.__0sprintf$7) refers to printf7.o(i._sputc) for _sputc
    printf7.o(i.__0vfprintf$7) refers to printf7.o(i._printf_core) for _printf_core
    printf7.o(i.__0vfprintf$7) refers to usart1.o(.text) for fputc
    printf7.o(i.__0vprintf$7) refers to printf7.o(i._printf_core) for _printf_core
    printf7.o(i.__0vprintf$7) refers to usart1.o(.text) for fputc
    printf7.o(i.__0vprintf$7) refers to stdout.o(.data) for __stdout
    printf7.o(i.__0vsnprintf$7) refers to printf7.o(i._printf_core) for _printf_core
    printf7.o(i.__0vsnprintf$7) refers to printf7.o(i._snputc) for _snputc
    printf7.o(i.__0vsprintf$7) refers to printf7.o(i._printf_core) for _printf_core
    printf7.o(i.__0vsprintf$7) refers to printf7.o(i._sputc) for _sputc
    printf7.o(i._printf_core) refers to printf7.o(i._printf_pre_padding) for _printf_pre_padding
    printf7.o(i._printf_core) refers to uldiv.o(.text) for __aeabi_uldivmod
    printf7.o(i._printf_core) refers to printf7.o(i._printf_post_padding) for _printf_post_padding
    printf8.o(i.__0fprintf$8) refers to printf8.o(i._printf_core) for _printf_core
    printf8.o(i.__0fprintf$8) refers to usart1.o(.text) for fputc
    printf8.o(i.__0printf$8) refers to printf8.o(i._printf_core) for _printf_core
    printf8.o(i.__0printf$8) refers to usart1.o(.text) for fputc
    printf8.o(i.__0printf$8) refers to stdout.o(.data) for __stdout
    printf8.o(i.__0snprintf$8) refers to printf8.o(i._printf_core) for _printf_core
    printf8.o(i.__0snprintf$8) refers to printf8.o(i._snputc) for _snputc
    printf8.o(i.__0sprintf$8) refers to printf8.o(i._printf_core) for _printf_core
    printf8.o(i.__0sprintf$8) refers to printf8.o(i._sputc) for _sputc
    printf8.o(i.__0vfprintf$8) refers to printf8.o(i._printf_core) for _printf_core
    printf8.o(i.__0vfprintf$8) refers to usart1.o(.text) for fputc
    printf8.o(i.__0vprintf$8) refers to printf8.o(i._printf_core) for _printf_core
    printf8.o(i.__0vprintf$8) refers to usart1.o(.text) for fputc
    printf8.o(i.__0vprintf$8) refers to stdout.o(.data) for __stdout
    printf8.o(i.__0vsnprintf$8) refers to printf8.o(i._printf_core) for _printf_core
    printf8.o(i.__0vsnprintf$8) refers to printf8.o(i._snputc) for _snputc
    printf8.o(i.__0vsprintf$8) refers to printf8.o(i._printf_core) for _printf_core
    printf8.o(i.__0vsprintf$8) refers to printf8.o(i._sputc) for _sputc
    printf8.o(i._printf_core) refers to printf8.o(i._printf_pre_padding) for _printf_pre_padding
    printf8.o(i._printf_core) refers to uldiv.o(.text) for __aeabi_uldivmod
    printf8.o(i._printf_core) refers to printf8.o(i._printf_post_padding) for _printf_post_padding
    printfa.o(i.__0fprintf) refers (Special) to iusefp.o(.text) for __I$use$fp
    printfa.o(i.__0fprintf) refers to printfa.o(i._printf_core) for _printf_core
    printfa.o(i.__0fprintf) refers to usart1.o(.text) for fputc
    printfa.o(i.__0printf) refers (Special) to iusefp.o(.text) for __I$use$fp
    printfa.o(i.__0printf) refers to printfa.o(i._printf_core) for _printf_core
    printfa.o(i.__0printf) refers to usart1.o(.text) for fputc
    printfa.o(i.__0printf) refers to stdout.o(.data) for __stdout
    printfa.o(i.__0snprintf) refers (Special) to iusefp.o(.text) for __I$use$fp
    printfa.o(i.__0snprintf) refers to printfa.o(i._printf_core) for _printf_core
    printfa.o(i.__0snprintf) refers to printfa.o(i._snputc) for _snputc
    printfa.o(i.__0sprintf) refers (Special) to iusefp.o(.text) for __I$use$fp
    printfa.o(i.__0sprintf) refers to printfa.o(i._printf_core) for _printf_core
    printfa.o(i.__0sprintf) refers to printfa.o(i._sputc) for _sputc
    printfa.o(i.__0vfprintf) refers (Special) to iusefp.o(.text) for __I$use$fp
    printfa.o(i.__0vfprintf) refers to printfa.o(i._printf_core) for _printf_core
    printfa.o(i.__0vfprintf) refers to usart1.o(.text) for fputc
    printfa.o(i.__0vprintf) refers (Special) to iusefp.o(.text) for __I$use$fp
    printfa.o(i.__0vprintf) refers to printfa.o(i._printf_core) for _printf_core
    printfa.o(i.__0vprintf) refers to usart1.o(.text) for fputc
    printfa.o(i.__0vprintf) refers to stdout.o(.data) for __stdout
    printfa.o(i.__0vsnprintf) refers (Special) to iusefp.o(.text) for __I$use$fp
    printfa.o(i.__0vsnprintf) refers to printfa.o(i._printf_core) for _printf_core
    printfa.o(i.__0vsnprintf) refers to printfa.o(i._snputc) for _snputc
    printfa.o(i.__0vsprintf) refers (Special) to iusefp.o(.text) for __I$use$fp
    printfa.o(i.__0vsprintf) refers to printfa.o(i._printf_core) for _printf_core
    printfa.o(i.__0vsprintf) refers to printfa.o(i._sputc) for _sputc
    printfa.o(i._fp_digits) refers (Special) to iusefp.o(.text) for __I$use$fp
    printfa.o(i._fp_digits) refers to dmul.o(.text) for __aeabi_dmul
    printfa.o(i._fp_digits) refers to ddiv.o(.text) for __aeabi_ddiv
    printfa.o(i._fp_digits) refers to cdrcmple.o(.text) for __aeabi_cdrcmple
    printfa.o(i._fp_digits) refers to dadd.o(.text) for __aeabi_dadd
    printfa.o(i._fp_digits) refers to dfixul.o(.text) for __aeabi_d2ulz
    printfa.o(i._fp_digits) refers to uldiv.o(.text) for __aeabi_uldivmod
    printfa.o(i._printf_core) refers (Special) to iusefp.o(.text) for __I$use$fp
    printfa.o(i._printf_core) refers to printfa.o(i._printf_pre_padding) for _printf_pre_padding
    printfa.o(i._printf_core) refers to uldiv.o(.text) for __aeabi_uldivmod
    printfa.o(i._printf_core) refers to printfa.o(i._printf_post_padding) for _printf_post_padding
    printfa.o(i._printf_core) refers to printfa.o(i._fp_digits) for _fp_digits
    printfa.o(i._printf_core) refers to uidiv.o(.text) for __aeabi_uidivmod
    printfa.o(i._printf_post_padding) refers (Special) to iusefp.o(.text) for __I$use$fp
    printfa.o(i._printf_pre_padding) refers (Special) to iusefp.o(.text) for __I$use$fp
    printfa.o(i._snputc) refers (Special) to iusefp.o(.text) for __I$use$fp
    printfa.o(i._sputc) refers (Special) to iusefp.o(.text) for __I$use$fp
    dadd.o(.text) refers (Special) to iusefp.o(.text) for __I$use$fp
    dadd.o(.text) refers to llshl.o(.text) for __aeabi_llsl
    dadd.o(.text) refers to llsshr.o(.text) for __aeabi_lasr
    dadd.o(.text) refers to depilogue.o(.text) for _double_epilogue
    dmul.o(.text) refers (Special) to iusefp.o(.text) for __I$use$fp
    dmul.o(.text) refers to depilogue.o(.text) for _double_epilogue
    ddiv.o(.text) refers (Special) to iusefp.o(.text) for __I$use$fp
    ddiv.o(.text) refers to depilogue.o(.text) for _double_round
    dscalb.o(.text) refers (Special) to iusefp.o(.text) for __I$use$fp
    cdcmple.o(.text) refers (Special) to iusefp.o(.text) for __I$use$fp
    cfcmple.o(.text) refers (Special) to iusefp.o(.text) for __I$use$fp
    log.o(i.__softfp_log) refers (Special) to iusefp.o(.text) for __I$use$fp
    log.o(i.__softfp_log) refers to log.o(i.log) for log
    log.o(i.log) refers (Special) to iusefp.o(.text) for __I$use$fp
    log.o(i.log) refers to dscalb.o(.text) for __ARM_scalbn
    log.o(i.log) refers to errno.o(i.__set_errno) for __set_errno
    log.o(i.log) refers to ddiv.o(.text) for __aeabi_ddiv
    log.o(i.log) refers to dadd.o(.text) for __aeabi_dsub
    log.o(i.log) refers to cdcmple.o(.text) for __aeabi_cdcmpeq
    log.o(i.log) refers to dflti.o(.text) for __aeabi_i2d
    log.o(i.log) refers to dmul.o(.text) for __aeabi_dmul
    log.o(i.log) refers to poly.o(i.__kernel_poly) for __kernel_poly
    log.o(i.log) refers to qnan.o(.constdata) for __mathlib_zero
    log.o(i.log) refers to log.o(.constdata) for .constdata
    log.o(.constdata) refers (Special) to iusefp.o(.text) for __I$use$fp
    log_x.o(i.____softfp_log$lsc) refers (Special) to iusefp.o(.text) for __I$use$fp
    log_x.o(i.____softfp_log$lsc) refers to log_x.o(i.__log$lsc) for __log$lsc
    log_x.o(i.__log$lsc) refers (Special) to iusefp.o(.text) for __I$use$fp
    log_x.o(i.__log$lsc) refers to dscalb.o(.text) for __ARM_scalbn
    log_x.o(i.__log$lsc) refers to errno.o(i.__set_errno) for __set_errno
    log_x.o(i.__log$lsc) refers to dadd.o(.text) for __aeabi_dsub
    log_x.o(i.__log$lsc) refers to cdcmple.o(.text) for __aeabi_cdcmpeq
    log_x.o(i.__log$lsc) refers to dflti.o(.text) for __aeabi_i2d
    log_x.o(i.__log$lsc) refers to dmul.o(.text) for __aeabi_dmul
    log_x.o(i.__log$lsc) refers to ddiv.o(.text) for __aeabi_ddiv
    log_x.o(i.__log$lsc) refers to poly.o(i.__kernel_poly) for __kernel_poly
    log_x.o(i.__log$lsc) refers to qnan.o(.constdata) for __mathlib_zero
    log_x.o(i.__log$lsc) refers to log_x.o(.constdata) for .constdata
    log_x.o(.constdata) refers (Special) to iusefp.o(.text) for __I$use$fp
    entry2.o(.ARM.Collect$$$$00000001) refers to entry2.o(.ARM.Collect$$$$00002712) for __lit__00000000
    entry2.o(.ARM.Collect$$$$00002712) refers to startup_stm32f10x_hd.o(STACK) for __initial_sp
    entry2.o(__vectab_stack_and_reset_area) refers to startup_stm32f10x_hd.o(STACK) for __initial_sp
    entry2.o(__vectab_stack_and_reset_area) refers to entry.o(.ARM.Collect$$$$00000000) for __main
    entry5.o(.ARM.Collect$$$$00000004) refers to init.o(.text) for __scatterload
    entry9a.o(.ARM.Collect$$$$0000000B) refers to main.o(.text) for main
    entry9b.o(.ARM.Collect$$$$0000000C) refers to main.o(.text) for main
    uldiv.o(.text) refers to llushr.o(.text) for __aeabi_llsr
    uldiv.o(.text) refers to llshl.o(.text) for __aeabi_llsl
    errno.o(i.__aeabi_errno_addr) refers to errno.o(.data) for .data
    errno.o(i.__read_errno) refers to errno.o(.data) for .data
    errno.o(i.__set_errno) refers to errno.o(.data) for .data
    depilogue.o(.text) refers to llshl.o(.text) for __aeabi_llsl
    depilogue.o(.text) refers to llushr.o(.text) for __aeabi_llsr
    dflti.o(.text) refers to depilogue.o(.text) for _double_epilogue
    dfixul.o(.text) refers to llushr.o(.text) for __aeabi_llsr
    dfixul.o(.text) refers to llshl.o(.text) for __aeabi_llsl
    poly.o(i.__kernel_poly) refers (Special) to iusefp.o(.text) for __I$use$fp
    poly.o(i.__kernel_poly) refers to dmul.o(.text) for __aeabi_dmul
    poly.o(i.__kernel_poly) refers to dadd.o(.text) for __aeabi_dadd
    qnan.o(.constdata) refers (Special) to iusefp.o(.text) for __I$use$fp
    init.o(.text) refers to entry5.o(.ARM.Collect$$$$00000004) for __main_after_scatterload


==============================================================================

Removing Unused input sections from the image.

    Removing startup_stm32f10x_hd.o(HEAP), (512 bytes).
    Removing main.o(.bss), (1000 bytes).
    Removing stm32f10x_bkp.o(.text), (152 bytes).
    Removing stm32f10x_rtc.o(.text), (272 bytes).
    Removing stm32f10x_pwr.o(.text), (172 bytes).
    Removing misc.o(.text), (176 bytes).
    Removing core_cm3.o(.emb_text), (32 bytes).
    Removing fft_fp_terminate.o(.text), (2 bytes).

8 unused section(s) (total 2318 bytes) removed from the image.

==============================================================================

Image Symbol Table

    Local Symbols

    Symbol Name                              Value     Ov Type        Size  Object(Section)

    ../clib/microlib/division.c              0x00000000   Number         0  uldiv.o ABSOLUTE
    ../clib/microlib/division.c              0x00000000   Number         0  uidiv.o ABSOLUTE
    ../clib/microlib/errno.c                 0x00000000   Number         0  errno.o ABSOLUTE
    ../clib/microlib/init/entry.s            0x00000000   Number         0  entry10a.o ABSOLUTE
    ../clib/microlib/init/entry.s            0x00000000   Number         0  entry7b.o ABSOLUTE
    ../clib/microlib/init/entry.s            0x00000000   Number         0  entry.o ABSOLUTE
    ../clib/microlib/init/entry.s            0x00000000   Number         0  entry8a.o ABSOLUTE
    ../clib/microlib/init/entry.s            0x00000000   Number         0  entry8b.o ABSOLUTE
    ../clib/microlib/init/entry.s            0x00000000   Number         0  entry7a.o ABSOLUTE
    ../clib/microlib/init/entry.s            0x00000000   Number         0  entry11b.o ABSOLUTE
    ../clib/microlib/init/entry.s            0x00000000   Number         0  entry9a.o ABSOLUTE
    ../clib/microlib/init/entry.s            0x00000000   Number         0  entry11a.o ABSOLUTE
    ../clib/microlib/init/entry.s            0x00000000   Number         0  entry10b.o ABSOLUTE
    ../clib/microlib/init/entry.s            0x00000000   Number         0  entry9b.o ABSOLUTE
    ../clib/microlib/init/entry.s            0x00000000   Number         0  entry2.o ABSOLUTE
    ../clib/microlib/init/entry.s            0x00000000   Number         0  entry5.o ABSOLUTE
    ../clib/microlib/longlong.c              0x00000000   Number         0  llshl.o ABSOLUTE
    ../clib/microlib/longlong.c              0x00000000   Number         0  llsshr.o ABSOLUTE
    ../clib/microlib/longlong.c              0x00000000   Number         0  llushr.o ABSOLUTE
    ../clib/microlib/printf/printf.c         0x00000000   Number         0  printf4.o ABSOLUTE
    ../clib/microlib/printf/printf.c         0x00000000   Number         0  printf7.o ABSOLUTE
    ../clib/microlib/printf/printf.c         0x00000000   Number         0  printfa.o ABSOLUTE
    ../clib/microlib/printf/printf.c         0x00000000   Number         0  printf8.o ABSOLUTE
    ../clib/microlib/printf/printf.c         0x00000000   Number         0  printf2.o ABSOLUTE
    ../clib/microlib/printf/printf.c         0x00000000   Number         0  printf6.o ABSOLUTE
    ../clib/microlib/printf/printf.c         0x00000000   Number         0  printf5.o ABSOLUTE
    ../clib/microlib/printf/printf.c         0x00000000   Number         0  printf3.o ABSOLUTE
    ../clib/microlib/printf/printf.c         0x00000000   Number         0  printf1.o ABSOLUTE
    ../clib/microlib/printf/printf.c         0x00000000   Number         0  printf0.o ABSOLUTE
    ../clib/microlib/printf/printf.c         0x00000000   Number         0  printfb.o ABSOLUTE
    ../clib/microlib/printf/stubs.s          0x00000000   Number         0  stubs.o ABSOLUTE
    ../clib/microlib/stdio/streams.c         0x00000000   Number         0  stdout.o ABSOLUTE
    ../clib/microlib/stubs.s                 0x00000000   Number         0  iusefp.o ABSOLUTE
    ../fplib/microlib/fpadd.c                0x00000000   Number         0  dadd.o ABSOLUTE
    ../fplib/microlib/fpdiv.c                0x00000000   Number         0  ddiv.o ABSOLUTE
    ../fplib/microlib/fpepilogue.c           0x00000000   Number         0  depilogue.o ABSOLUTE
    ../fplib/microlib/fpfix.c                0x00000000   Number         0  dfixul.o ABSOLUTE
    ../fplib/microlib/fpflt.c                0x00000000   Number         0  dflti.o ABSOLUTE
    ../fplib/microlib/fpmul.c                0x00000000   Number         0  dmul.o ABSOLUTE
    ../fplib/microlib/fpscalb.c              0x00000000   Number         0  dscalb.o ABSOLUTE
    ../mathlib/log.c                         0x00000000   Number         0  log_x.o ABSOLUTE
    ../mathlib/log.c                         0x00000000   Number         0  log.o ABSOLUTE
    ../mathlib/log10.c                       0x00000000   Number         0  log10_x.o ABSOLUTE
    ../mathlib/log10.c                       0x00000000   Number         0  log10.o ABSOLUTE
    ../mathlib/poly.c                        0x00000000   Number         0  poly.o ABSOLUTE
    ../mathlib/qnan.c                        0x00000000   Number         0  qnan.o ABSOLUTE
    ..\CMSIS\core_cm3.c                      0x00000000   Number         0  core_cm3.o ABSOLUTE
    ..\CMSIS\startup\startup_stm32f10x_hd.s  0x00000000   Number         0  startup_stm32f10x_hd.o ABSOLUTE
    ..\CMSIS\system_stm32f10x.c              0x00000000   Number         0  system_stm32f10x.o ABSOLUTE
    ..\FWlib\src\misc.c                      0x00000000   Number         0  misc.o ABSOLUTE
    ..\FWlib\src\stm32f10x_bkp.c             0x00000000   Number         0  stm32f10x_bkp.o ABSOLUTE
    ..\FWlib\src\stm32f10x_gpio.c            0x00000000   Number         0  stm32f10x_gpio.o ABSOLUTE
    ..\FWlib\src\stm32f10x_pwr.c             0x00000000   Number         0  stm32f10x_pwr.o ABSOLUTE
    ..\FWlib\src\stm32f10x_rcc.c             0x00000000   Number         0  stm32f10x_rcc.o ABSOLUTE
    ..\FWlib\src\stm32f10x_rtc.c             0x00000000   Number         0  stm32f10x_rtc.o ABSOLUTE
    ..\FWlib\src\stm32f10x_usart.c           0x00000000   Number         0  stm32f10x_usart.o ABSOLUTE
    ..\\CMSIS\\core_cm3.c                    0x00000000   Number         0  core_cm3.o ABSOLUTE
    ..\fft_fp\fft_fp.c                       0x00000000   Number         0  fft_fp.o ABSOLUTE
    ..\fft_fp\fft_fp_initialize.c            0x00000000   Number         0  fft_fp_initialize.o ABSOLUTE
    ..\fft_fp\fft_fp_terminate.c             0x00000000   Number         0  fft_fp_terminate.o ABSOLUTE
    ..\fft_fp\rtGetInf.c                     0x00000000   Number         0  rtgetinf.o ABSOLUTE
    ..\fft_fp\rtGetNaN.c                     0x00000000   Number         0  rtgetnan.o ABSOLUTE
    ..\fft_fp\rt_nonfinite.c                 0x00000000   Number         0  rt_nonfinite.o ABSOLUTE
    cdcmple.s                                0x00000000   Number         0  cdcmple.o ABSOLUTE
    cdrcmple.s                               0x00000000   Number         0  cdrcmple.o ABSOLUTE
    cfcmple.s                                0x00000000   Number         0  cfcmple.o ABSOLUTE
    dc.s                                     0x00000000   Number         0  dc.o ABSOLUTE
    handlers.s                               0x00000000   Number         0  handlers.o ABSOLUTE
    init.s                                   0x00000000   Number         0  init.o ABSOLUTE
    main.c                                   0x00000000   Number         0  main.o ABSOLUTE
    stm32f10x_it.c                           0x00000000   Number         0  stm32f10x_it.o ABSOLUTE
    usart1.c                                 0x00000000   Number         0  usart1.o ABSOLUTE
    RESET                                    0x08000000   Section      304  startup_stm32f10x_hd.o(RESET)
    .ARM.Collect$$$$00000000                 0x08000130   Section        0  entry.o(.ARM.Collect$$$$00000000)
    .ARM.Collect$$$$00000001                 0x08000130   Section        4  entry2.o(.ARM.Collect$$$$00000001)
    .ARM.Collect$$$$00000004                 0x08000134   Section        4  entry5.o(.ARM.Collect$$$$00000004)
    .ARM.Collect$$$$00000008                 0x08000138   Section        0  entry7b.o(.ARM.Collect$$$$00000008)
    .ARM.Collect$$$$0000000A                 0x08000138   Section        0  entry8b.o(.ARM.Collect$$$$0000000A)
    .ARM.Collect$$$$0000000B                 0x08000138   Section        8  entry9a.o(.ARM.Collect$$$$0000000B)
    .ARM.Collect$$$$0000000D                 0x08000140   Section        0  entry10a.o(.ARM.Collect$$$$0000000D)
    .ARM.Collect$$$$0000000F                 0x08000140   Section        0  entry11a.o(.ARM.Collect$$$$0000000F)
    .ARM.Collect$$$$00002712                 0x08000140   Section        4  entry2.o(.ARM.Collect$$$$00002712)
    __lit__00000000                          0x08000140   Data           4  entry2.o(.ARM.Collect$$$$00002712)
    .text                                    0x08000144   Section       36  startup_stm32f10x_hd.o(.text)
    .text                                    0x08000168   Section        0  main.o(.text)
    .text                                    0x080001e0   Section        0  stm32f10x_it.o(.text)
    .text                                    0x080001f4   Section        0  usart1.o(.text)
    .text                                    0x08000388   Section        0  stm32f10x_rcc.o(.text)
    .text                                    0x0800063c   Section        0  stm32f10x_gpio.o(.text)
    .text                                    0x080008a8   Section        0  stm32f10x_usart.o(.text)
    .text                                    0x08000bd0   Section        0  system_stm32f10x.o(.text)
    SetSysClockTo72                          0x08000bd1   Thumb Code   160  system_stm32f10x.o(.text)
    .text                                    0x08000d24   Section        0  fft_fp.o(.text)
    .text                                    0x08000dfc   Section        0  fft_fp_initialize.o(.text)
    .text                                    0x08000e04   Section        0  rt_nonfinite.o(.text)
    .text                                    0x08000ea8   Section        0  rtgetinf.o(.text)
    .text                                    0x08000ef8   Section        0  rtgetnan.o(.text)
    .text                                    0x08000f3c   Section        0  dadd.o(.text)
    .text                                    0x0800108a   Section        0  dmul.o(.text)
    .text                                    0x0800116e   Section        0  ddiv.o(.text)
    .text                                    0x0800124c   Section        0  dscalb.o(.text)
    .text                                    0x0800127c   Section       40  cdcmple.o(.text)
    .text                                    0x080012a4   Section       20  cfcmple.o(.text)
    .text                                    0x080012b8   Section        0  uidiv.o(.text)
    .text                                    0x080012e4   Section        0  uldiv.o(.text)
    .text                                    0x08001346   Section        0  llshl.o(.text)
    .text                                    0x08001364   Section        0  llsshr.o(.text)
    .text                                    0x08001388   Section        0  depilogue.o(.text)
    .text                                    0x08001388   Section        0  iusefp.o(.text)
    .text                                    0x0800143e   Section        0  dflti.o(.text)
    .text                                    0x08001460   Section        0  dfixul.o(.text)
    .text                                    0x08001490   Section       40  cdrcmple.o(.text)
    .text                                    0x080014b8   Section       36  init.o(.text)
    .text                                    0x080014dc   Section        0  llushr.o(.text)
    i.__0printf                              0x080014fc   Section        0  printfa.o(i.__0printf)
    i.__kernel_poly                          0x0800151c   Section        0  poly.o(i.__kernel_poly)
    i.__scatterload_copy                     0x080015c6   Section       14  handlers.o(i.__scatterload_copy)
    i.__scatterload_null                     0x080015d4   Section        2  handlers.o(i.__scatterload_null)
    i.__scatterload_zeroinit                 0x080015d6   Section       14  handlers.o(i.__scatterload_zeroinit)
    i.__set_errno                            0x080015e4   Section        0  errno.o(i.__set_errno)
    i._fp_digits                             0x080015f0   Section        0  printfa.o(i._fp_digits)
    _fp_digits                               0x080015f1   Thumb Code   334  printfa.o(i._fp_digits)
    i._printf_core                           0x08001754   Section        0  printfa.o(i._printf_core)
    _printf_core                             0x08001755   Thumb Code  1744  printfa.o(i._printf_core)
    i._printf_post_padding                   0x08001e30   Section        0  printfa.o(i._printf_post_padding)
    _printf_post_padding                     0x08001e31   Thumb Code    36  printfa.o(i._printf_post_padding)
    i._printf_pre_padding                    0x08001e54   Section        0  printfa.o(i._printf_pre_padding)
    _printf_pre_padding                      0x08001e55   Thumb Code    46  printfa.o(i._printf_pre_padding)
    i.log                                    0x08001e84   Section        0  log.o(i.log)
    i.log10                                  0x080021f4   Section        0  log10.o(i.log10)
    .constdata                               0x080022e8   Section      512  main.o(.constdata)
    .constdata                               0x080024e8   Section       56  log.o(.constdata)
    Lg2                                      0x080024e8   Data          24  log.o(.constdata)
    Lg                                       0x08002500   Data          32  log.o(.constdata)
    .constdata                               0x08002520   Section        8  qnan.o(.constdata)
    .data                                    0x20000000   Section       20  stm32f10x_rcc.o(.data)
    ADCPrescTable                            0x20000000   Data           4  stm32f10x_rcc.o(.data)
    APBAHBPrescTable                         0x20000004   Data          16  stm32f10x_rcc.o(.data)
    .data                                    0x20000014   Section       20  system_stm32f10x.o(.data)
    .data                                    0x20000028   Section       40  rt_nonfinite.o(.data)
    .data                                    0x20000050   Section        4  stdout.o(.data)
    .data                                    0x20000054   Section        4  errno.o(.data)
    _errno                                   0x20000054   Data           4  errno.o(.data)
    STACK                                    0x20000058   Section     1024  startup_stm32f10x_hd.o(STACK)

    Global Symbols

    Symbol Name                              Value     Ov Type        Size  Object(Section)

    BuildAttributes$$THM_ISAv4$P$D$K$B$S$PE$A:L22UL41UL21$X:L11$S22US41US21$IEEE1$IW$USESV6$~STKCKD$USESV7$~SHL$OTIME$ROPI$IEEEJ$EBA8$MICROLIB$REQ8$PRES8$EABIv2 0x00000000   Number         0  anon$$obj.o ABSOLUTE
    __ARM_use_no_argv                        0x00000000   Number         0  main.o ABSOLUTE
    _printf_a                                0x00000000   Number         0  stubs.o ABSOLUTE
    _printf_c                                0x00000000   Number         0  stubs.o ABSOLUTE
    _printf_charcount                        0x00000000   Number         0  stubs.o ABSOLUTE
    _printf_d                                0x00000000   Number         0  stubs.o ABSOLUTE
    _printf_e                                0x00000000   Number         0  stubs.o ABSOLUTE
    _printf_f                                0x00000000   Number         0  stubs.o ABSOLUTE
    _printf_flags                            0x00000000   Number         0  stubs.o ABSOLUTE
    _printf_fp_dec                           0x00000000   Number         0  stubs.o ABSOLUTE
    _printf_fp_hex                           0x00000000   Number         0  stubs.o ABSOLUTE
    _printf_g                                0x00000000   Number         0  stubs.o ABSOLUTE
    _printf_i                                0x00000000   Number         0  stubs.o ABSOLUTE
    _printf_int_dec                          0x00000000   Number         0  stubs.o ABSOLUTE
    _printf_l                                0x00000000   Number         0  stubs.o ABSOLUTE
    _printf_lc                               0x00000000   Number         0  stubs.o ABSOLUTE
    _printf_ll                               0x00000000   Number         0  stubs.o ABSOLUTE
    _printf_lld                              0x00000000   Number         0  stubs.o ABSOLUTE
    _printf_lli                              0x00000000   Number         0  stubs.o ABSOLUTE
    _printf_llo                              0x00000000   Number         0  stubs.o ABSOLUTE
    _printf_llu                              0x00000000   Number         0  stubs.o ABSOLUTE
    _printf_llx                              0x00000000   Number         0  stubs.o ABSOLUTE
    _printf_longlong_dec                     0x00000000   Number         0  stubs.o ABSOLUTE
    _printf_longlong_hex                     0x00000000   Number         0  stubs.o ABSOLUTE
    _printf_longlong_oct                     0x00000000   Number         0  stubs.o ABSOLUTE
    _printf_ls                               0x00000000   Number         0  stubs.o ABSOLUTE
    _printf_mbtowc                           0x00000000   Number         0  stubs.o ABSOLUTE
    _printf_n                                0x00000000   Number         0  stubs.o ABSOLUTE
    _printf_o                                0x00000000   Number         0  stubs.o ABSOLUTE
    _printf_p                                0x00000000   Number         0  stubs.o ABSOLUTE
    _printf_percent                          0x00000000   Number         0  stubs.o ABSOLUTE
    _printf_pre_padding                      0x00000000   Number         0  stubs.o ABSOLUTE
    _printf_return_value                     0x00000000   Number         0  stubs.o ABSOLUTE
    _printf_s                                0x00000000   Number         0  stubs.o ABSOLUTE
    _printf_sizespec                         0x00000000   Number         0  stubs.o ABSOLUTE
    _printf_str                              0x00000000   Number         0  stubs.o ABSOLUTE
    _printf_truncate_signed                  0x00000000   Number         0  stubs.o ABSOLUTE
    _printf_truncate_unsigned                0x00000000   Number         0  stubs.o ABSOLUTE
    _printf_u                                0x00000000   Number         0  stubs.o ABSOLUTE
    _printf_wc                               0x00000000   Number         0  stubs.o ABSOLUTE
    _printf_wctomb                           0x00000000   Number         0  stubs.o ABSOLUTE
    _printf_widthprec                        0x00000000   Number         0  stubs.o ABSOLUTE
    _printf_x                                0x00000000   Number         0  stubs.o ABSOLUTE
    __cpp_initialize__aeabi_                  - Undefined Weak Reference
    __cxa_finalize                            - Undefined Weak Reference
    __decompress                              - Undefined Weak Reference
    _clock_init                               - Undefined Weak Reference
    _microlib_exit                            - Undefined Weak Reference
    __Vectors_Size                           0x00000130   Number         0  startup_stm32f10x_hd.o ABSOLUTE
    __Vectors                                0x08000000   Data           4  startup_stm32f10x_hd.o(RESET)
    __Vectors_End                            0x08000130   Data           0  startup_stm32f10x_hd.o(RESET)
    __main                                   0x08000131   Thumb Code     0  entry.o(.ARM.Collect$$$$00000000)
    _main_stk                                0x08000131   Thumb Code     0  entry2.o(.ARM.Collect$$$$00000001)
    _main_scatterload                        0x08000135   Thumb Code     0  entry5.o(.ARM.Collect$$$$00000004)
    __main_after_scatterload                 0x08000139   Thumb Code     0  entry5.o(.ARM.Collect$$$$00000004)
    _main_clock                              0x08000139   Thumb Code     0  entry7b.o(.ARM.Collect$$$$00000008)
    _main_cpp_init                           0x08000139   Thumb Code     0  entry8b.o(.ARM.Collect$$$$0000000A)
    _main_init                               0x08000139   Thumb Code     0  entry9a.o(.ARM.Collect$$$$0000000B)
    __rt_final_cpp                           0x08000141   Thumb Code     0  entry10a.o(.ARM.Collect$$$$0000000D)
    __rt_final_exit                          0x08000141   Thumb Code     0  entry11a.o(.ARM.Collect$$$$0000000F)
    Reset_Handler                            0x08000145   Thumb Code     8  startup_stm32f10x_hd.o(.text)
    ADC1_2_IRQHandler                        0x0800015f   Thumb Code     0  startup_stm32f10x_hd.o(.text)
    ADC3_IRQHandler                          0x0800015f   Thumb Code     0  startup_stm32f10x_hd.o(.text)
    CAN1_RX1_IRQHandler                      0x0800015f   Thumb Code     0  startup_stm32f10x_hd.o(.text)
    CAN1_SCE_IRQHandler                      0x0800015f   Thumb Code     0  startup_stm32f10x_hd.o(.text)
    DMA1_Channel1_IRQHandler                 0x0800015f   Thumb Code     0  startup_stm32f10x_hd.o(.text)
    DMA1_Channel2_IRQHandler                 0x0800015f   Thumb Code     0  startup_stm32f10x_hd.o(.text)
    DMA1_Channel3_IRQHandler                 0x0800015f   Thumb Code     0  startup_stm32f10x_hd.o(.text)
    DMA1_Channel4_IRQHandler                 0x0800015f   Thumb Code     0  startup_stm32f10x_hd.o(.text)
    DMA1_Channel5_IRQHandler                 0x0800015f   Thumb Code     0  startup_stm32f10x_hd.o(.text)
    DMA1_Channel6_IRQHandler                 0x0800015f   Thumb Code     0  startup_stm32f10x_hd.o(.text)
    DMA1_Channel7_IRQHandler                 0x0800015f   Thumb Code     0  startup_stm32f10x_hd.o(.text)
    DMA2_Channel1_IRQHandler                 0x0800015f   Thumb Code     0  startup_stm32f10x_hd.o(.text)
    DMA2_Channel2_IRQHandler                 0x0800015f   Thumb Code     0  startup_stm32f10x_hd.o(.text)
    DMA2_Channel3_IRQHandler                 0x0800015f   Thumb Code     0  startup_stm32f10x_hd.o(.text)
    DMA2_Channel4_5_IRQHandler               0x0800015f   Thumb Code     0  startup_stm32f10x_hd.o(.text)
    EXTI0_IRQHandler                         0x0800015f   Thumb Code     0  startup_stm32f10x_hd.o(.text)
    EXTI15_10_IRQHandler                     0x0800015f   Thumb Code     0  startup_stm32f10x_hd.o(.text)
    EXTI1_IRQHandler                         0x0800015f   Thumb Code     0  startup_stm32f10x_hd.o(.text)
    EXTI2_IRQHandler                         0x0800015f   Thumb Code     0  startup_stm32f10x_hd.o(.text)
    EXTI3_IRQHandler                         0x0800015f   Thumb Code     0  startup_stm32f10x_hd.o(.text)
    EXTI4_IRQHandler                         0x0800015f   Thumb Code     0  startup_stm32f10x_hd.o(.text)
    EXTI9_5_IRQHandler                       0x0800015f   Thumb Code     0  startup_stm32f10x_hd.o(.text)
    FLASH_IRQHandler                         0x0800015f   Thumb Code     0  startup_stm32f10x_hd.o(.text)
    FSMC_IRQHandler                          0x0800015f   Thumb Code     0  startup_stm32f10x_hd.o(.text)
    I2C1_ER_IRQHandler                       0x0800015f   Thumb Code     0  startup_stm32f10x_hd.o(.text)
    I2C1_EV_IRQHandler                       0x0800015f   Thumb Code     0  startup_stm32f10x_hd.o(.text)
    I2C2_ER_IRQHandler                       0x0800015f   Thumb Code     0  startup_stm32f10x_hd.o(.text)
    I2C2_EV_IRQHandler                       0x0800015f   Thumb Code     0  startup_stm32f10x_hd.o(.text)
    PVD_IRQHandler                           0x0800015f   Thumb Code     0  startup_stm32f10x_hd.o(.text)
    RCC_IRQHandler                           0x0800015f   Thumb Code     0  startup_stm32f10x_hd.o(.text)
    RTCAlarm_IRQHandler                      0x0800015f   Thumb Code     0  startup_stm32f10x_hd.o(.text)
    SDIO_IRQHandler                          0x0800015f   Thumb Code     0  startup_stm32f10x_hd.o(.text)
    SPI1_IRQHandler                          0x0800015f   Thumb Code     0  startup_stm32f10x_hd.o(.text)
    SPI2_IRQHandler                          0x0800015f   Thumb Code     0  startup_stm32f10x_hd.o(.text)
    SPI3_IRQHandler                          0x0800015f   Thumb Code     0  startup_stm32f10x_hd.o(.text)
    TAMPER_IRQHandler                        0x0800015f   Thumb Code     0  startup_stm32f10x_hd.o(.text)
    TIM1_BRK_IRQHandler                      0x0800015f   Thumb Code     0  startup_stm32f10x_hd.o(.text)
    TIM1_CC_IRQHandler                       0x0800015f   Thumb Code     0  startup_stm32f10x_hd.o(.text)
    TIM1_TRG_COM_IRQHandler                  0x0800015f   Thumb Code     0  startup_stm32f10x_hd.o(.text)
    TIM1_UP_IRQHandler                       0x0800015f   Thumb Code     0  startup_stm32f10x_hd.o(.text)
    TIM2_IRQHandler                          0x0800015f   Thumb Code     0  startup_stm32f10x_hd.o(.text)
    TIM3_IRQHandler                          0x0800015f   Thumb Code     0  startup_stm32f10x_hd.o(.text)
    TIM4_IRQHandler                          0x0800015f   Thumb Code     0  startup_stm32f10x_hd.o(.text)
    TIM5_IRQHandler                          0x0800015f   Thumb Code     0  startup_stm32f10x_hd.o(.text)
    TIM6_IRQHandler                          0x0800015f   Thumb Code     0  startup_stm32f10x_hd.o(.text)
    TIM7_IRQHandler                          0x0800015f   Thumb Code     0  startup_stm32f10x_hd.o(.text)
    TIM8_BRK_IRQHandler                      0x0800015f   Thumb Code     0  startup_stm32f10x_hd.o(.text)
    TIM8_CC_IRQHandler                       0x0800015f   Thumb Code     0  startup_stm32f10x_hd.o(.text)
    TIM8_TRG_COM_IRQHandler                  0x0800015f   Thumb Code     0  startup_stm32f10x_hd.o(.text)
    TIM8_UP_IRQHandler                       0x0800015f   Thumb Code     0  startup_stm32f10x_hd.o(.text)
    UART4_IRQHandler                         0x0800015f   Thumb Code     0  startup_stm32f10x_hd.o(.text)
    UART5_IRQHandler                         0x0800015f   Thumb Code     0  startup_stm32f10x_hd.o(.text)
    USART1_IRQHandler                        0x0800015f   Thumb Code     0  startup_stm32f10x_hd.o(.text)
    USART2_IRQHandler                        0x0800015f   Thumb Code     0  startup_stm32f10x_hd.o(.text)
    USART3_IRQHandler                        0x0800015f   Thumb Code     0  startup_stm32f10x_hd.o(.text)
    USBWakeUp_IRQHandler                     0x0800015f   Thumb Code     0  startup_stm32f10x_hd.o(.text)
    USB_HP_CAN1_TX_IRQHandler                0x0800015f   Thumb Code     0  startup_stm32f10x_hd.o(.text)
    USB_LP_CAN1_RX0_IRQHandler               0x0800015f   Thumb Code     0  startup_stm32f10x_hd.o(.text)
    WWDG_IRQHandler                          0x0800015f   Thumb Code     0  startup_stm32f10x_hd.o(.text)
    main                                     0x08000169   Thumb Code    44  main.o(.text)
    NMI_Handler                              0x080001e1   Thumb Code     2  stm32f10x_it.o(.text)
    HardFault_Handler                        0x080001e3   Thumb Code     2  stm32f10x_it.o(.text)
    MemManage_Handler                        0x080001e5   Thumb Code     2  stm32f10x_it.o(.text)
    BusFault_Handler                         0x080001e7   Thumb Code     2  stm32f10x_it.o(.text)
    UsageFault_Handler                       0x080001e9   Thumb Code     2  stm32f10x_it.o(.text)
    SVC_Handler                              0x080001eb   Thumb Code     2  stm32f10x_it.o(.text)
    DebugMon_Handler                         0x080001ed   Thumb Code     2  stm32f10x_it.o(.text)
    PendSV_Handler                           0x080001ef   Thumb Code     2  stm32f10x_it.o(.text)
    SysTick_Handler                          0x080001f1   Thumb Code     2  stm32f10x_it.o(.text)
    RTC_IRQHandler                           0x080001f3   Thumb Code     2  stm32f10x_it.o(.text)
    USART1_Config                            0x080001f5   Thumb Code   116  usart1.o(.text)
    fputc                                    0x08000269   Thumb Code    24  usart1.o(.text)
    USART1_printf                            0x08000281   Thumb Code   254  usart1.o(.text)
    RCC_DeInit                               0x08000389   Thumb Code    50  stm32f10x_rcc.o(.text)
    RCC_HSEConfig                            0x080003bb   Thumb Code    48  stm32f10x_rcc.o(.text)
    RCC_GetFlagStatus                        0x080003eb   Thumb Code    42  stm32f10x_rcc.o(.text)
    RCC_WaitForHSEStartUp                    0x08000415   Thumb Code    44  stm32f10x_rcc.o(.text)
    RCC_AdjustHSICalibrationValue            0x08000441   Thumb Code    16  stm32f10x_rcc.o(.text)
    RCC_HSICmd                               0x08000451   Thumb Code     6  stm32f10x_rcc.o(.text)
    RCC_PLLConfig                            0x08000457   Thumb Code    16  stm32f10x_rcc.o(.text)
    RCC_PLLCmd                               0x08000467   Thumb Code     6  stm32f10x_rcc.o(.text)
    RCC_SYSCLKConfig                         0x0800046d   Thumb Code    14  stm32f10x_rcc.o(.text)
    RCC_GetSYSCLKSource                      0x0800047b   Thumb Code    10  stm32f10x_rcc.o(.text)
    RCC_HCLKConfig                           0x08000485   Thumb Code    14  stm32f10x_rcc.o(.text)
    RCC_PCLK1Config                          0x08000493   Thumb Code    14  stm32f10x_rcc.o(.text)
    RCC_PCLK2Config                          0x080004a1   Thumb Code    16  stm32f10x_rcc.o(.text)
    RCC_ITConfig                             0x080004b1   Thumb Code    18  stm32f10x_rcc.o(.text)
    RCC_USBCLKConfig                         0x080004c3   Thumb Code     8  stm32f10x_rcc.o(.text)
    RCC_ADCCLKConfig                         0x080004cb   Thumb Code    14  stm32f10x_rcc.o(.text)
    RCC_LSEConfig                            0x080004d9   Thumb Code    28  stm32f10x_rcc.o(.text)
    RCC_LSICmd                               0x080004f5   Thumb Code     6  stm32f10x_rcc.o(.text)
    RCC_RTCCLKConfig                         0x080004fb   Thumb Code    10  stm32f10x_rcc.o(.text)
    RCC_RTCCLKCmd                            0x08000505   Thumb Code     8  stm32f10x_rcc.o(.text)
    RCC_GetClocksFreq                        0x0800050d   Thumb Code   128  stm32f10x_rcc.o(.text)
    RCC_AHBPeriphClockCmd                    0x0800058d   Thumb Code    18  stm32f10x_rcc.o(.text)
    RCC_APB2PeriphClockCmd                   0x0800059f   Thumb Code    18  stm32f10x_rcc.o(.text)
    RCC_APB1PeriphClockCmd                   0x080005b1   Thumb Code    18  stm32f10x_rcc.o(.text)
    RCC_APB2PeriphResetCmd                   0x080005c3   Thumb Code    18  stm32f10x_rcc.o(.text)
    RCC_APB1PeriphResetCmd                   0x080005d5   Thumb Code    18  stm32f10x_rcc.o(.text)
    RCC_BackupResetCmd                       0x080005e7   Thumb Code     8  stm32f10x_rcc.o(.text)
    RCC_ClockSecuritySystemCmd               0x080005ef   Thumb Code     6  stm32f10x_rcc.o(.text)
    RCC_MCOConfig                            0x080005f5   Thumb Code     6  stm32f10x_rcc.o(.text)
    RCC_ClearFlag                            0x080005fb   Thumb Code    12  stm32f10x_rcc.o(.text)
    RCC_GetITStatus                          0x08000607   Thumb Code    16  stm32f10x_rcc.o(.text)
    RCC_ClearITPendingBit                    0x08000617   Thumb Code     6  stm32f10x_rcc.o(.text)
    GPIO_DeInit                              0x0800063d   Thumb Code   152  stm32f10x_gpio.o(.text)
    GPIO_AFIODeInit                          0x080006d5   Thumb Code    22  stm32f10x_gpio.o(.text)
    GPIO_Init                                0x080006eb   Thumb Code   164  stm32f10x_gpio.o(.text)
    GPIO_StructInit                          0x0800078f   Thumb Code    16  stm32f10x_gpio.o(.text)
    GPIO_ReadInputDataBit                    0x0800079f   Thumb Code    14  stm32f10x_gpio.o(.text)
    GPIO_ReadInputData                       0x080007ad   Thumb Code     6  stm32f10x_gpio.o(.text)
    GPIO_ReadOutputDataBit                   0x080007b3   Thumb Code    14  stm32f10x_gpio.o(.text)
    GPIO_ReadOutputData                      0x080007c1   Thumb Code     6  stm32f10x_gpio.o(.text)
    GPIO_SetBits                             0x080007c7   Thumb Code     4  stm32f10x_gpio.o(.text)
    GPIO_ResetBits                           0x080007cb   Thumb Code     4  stm32f10x_gpio.o(.text)
    GPIO_WriteBit                            0x080007cf   Thumb Code    10  stm32f10x_gpio.o(.text)
    GPIO_Write                               0x080007d9   Thumb Code     4  stm32f10x_gpio.o(.text)
    GPIO_PinLockConfig                       0x080007dd   Thumb Code    16  stm32f10x_gpio.o(.text)
    GPIO_EventOutputConfig                   0x080007ed   Thumb Code    22  stm32f10x_gpio.o(.text)
    GPIO_EventOutputCmd                      0x08000803   Thumb Code     6  stm32f10x_gpio.o(.text)
    GPIO_PinRemapConfig                      0x08000809   Thumb Code    82  stm32f10x_gpio.o(.text)
    GPIO_EXTILineConfig                      0x0800085b   Thumb Code    34  stm32f10x_gpio.o(.text)
    GPIO_ETH_MediaInterfaceConfig            0x0800087d   Thumb Code     8  stm32f10x_gpio.o(.text)
    USART_DeInit                             0x080008a9   Thumb Code    96  stm32f10x_usart.o(.text)
    USART_Init                               0x08000909   Thumb Code   166  stm32f10x_usart.o(.text)
    USART_StructInit                         0x080009af   Thumb Code    22  stm32f10x_usart.o(.text)
    USART_ClockInit                          0x080009c5   Thumb Code    30  stm32f10x_usart.o(.text)
    USART_ClockStructInit                    0x080009e3   Thumb Code    12  stm32f10x_usart.o(.text)
    USART_Cmd                                0x080009ef   Thumb Code    20  stm32f10x_usart.o(.text)
    USART_ITConfig                           0x08000a03   Thumb Code    48  stm32f10x_usart.o(.text)
    USART_DMACmd                             0x08000a33   Thumb Code    16  stm32f10x_usart.o(.text)
    USART_SetAddress                         0x08000a43   Thumb Code    16  stm32f10x_usart.o(.text)
    USART_WakeUpConfig                       0x08000a53   Thumb Code    16  stm32f10x_usart.o(.text)
    USART_ReceiverWakeUpCmd                  0x08000a63   Thumb Code    20  stm32f10x_usart.o(.text)
    USART_LINBreakDetectLengthConfig         0x08000a77   Thumb Code    16  stm32f10x_usart.o(.text)
    USART_LINCmd                             0x08000a87   Thumb Code    20  stm32f10x_usart.o(.text)
    USART_SendData                           0x08000a9b   Thumb Code     8  stm32f10x_usart.o(.text)
    USART_ReceiveData                        0x08000aa3   Thumb Code     8  stm32f10x_usart.o(.text)
    USART_SendBreak                          0x08000aab   Thumb Code    10  stm32f10x_usart.o(.text)
    USART_SetGuardTime                       0x08000ab5   Thumb Code    16  stm32f10x_usart.o(.text)
    USART_SetPrescaler                       0x08000ac5   Thumb Code    16  stm32f10x_usart.o(.text)
    USART_SmartCardCmd                       0x08000ad5   Thumb Code    20  stm32f10x_usart.o(.text)
    USART_SmartCardNACKCmd                   0x08000ae9   Thumb Code    20  stm32f10x_usart.o(.text)
    USART_HalfDuplexCmd                      0x08000afd   Thumb Code    20  stm32f10x_usart.o(.text)
    USART_OverSampling8Cmd                   0x08000b11   Thumb Code    20  stm32f10x_usart.o(.text)
    USART_OneBitMethodCmd                    0x08000b25   Thumb Code    20  stm32f10x_usart.o(.text)
    USART_IrDAConfig                         0x08000b39   Thumb Code    16  stm32f10x_usart.o(.text)
    USART_IrDACmd                            0x08000b49   Thumb Code    20  stm32f10x_usart.o(.text)
    USART_GetFlagStatus                      0x08000b5d   Thumb Code    14  stm32f10x_usart.o(.text)
    USART_ClearFlag                          0x08000b6b   Thumb Code     6  stm32f10x_usart.o(.text)
    USART_GetITStatus                        0x08000b71   Thumb Code    62  stm32f10x_usart.o(.text)
    USART_ClearITPendingBit                  0x08000baf   Thumb Code    12  stm32f10x_usart.o(.text)
    SystemInit                               0x08000c71   Thumb Code    64  system_stm32f10x.o(.text)
    SystemCoreClockUpdate                    0x08000cb1   Thumb Code    84  system_stm32f10x.o(.text)
    fft_fp                                   0x08000d25   Thumb Code   204  fft_fp.o(.text)
    fft_fp_initialize                        0x08000dfd   Thumb Code     6  fft_fp_initialize.o(.text)
    rt_InitInfAndNaN                         0x08000e05   Thumb Code    48  rt_nonfinite.o(.text)
    rtIsInf                                  0x08000e35   Thumb Code    40  rt_nonfinite.o(.text)
    rtIsInfF                                 0x08000e5d   Thumb Code    32  rt_nonfinite.o(.text)
    rtIsNaN                                  0x08000e7d   Thumb Code    20  rt_nonfinite.o(.text)
    rtIsNaNF                                 0x08000e91   Thumb Code    18  rt_nonfinite.o(.text)
    rtGetInfF                                0x08000ea9   Thumb Code     6  rtgetinf.o(.text)
    rtGetInf                                 0x08000eaf   Thumb Code    28  rtgetinf.o(.text)
    rtGetMinusInfF                           0x08000ecb   Thumb Code     4  rtgetinf.o(.text)
    rtGetMinusInf                            0x08000ecf   Thumb Code    28  rtgetinf.o(.text)
    rtGetNaNF                                0x08000ef9   Thumb Code    26  rtgetnan.o(.text)
    rtGetNaN                                 0x08000f13   Thumb Code    32  rtgetnan.o(.text)
    __aeabi_dadd                             0x08000f3d   Thumb Code   322  dadd.o(.text)
    __aeabi_dsub                             0x0800107f   Thumb Code     6  dadd.o(.text)
    __aeabi_drsub                            0x08001085   Thumb Code     6  dadd.o(.text)
    __aeabi_dmul                             0x0800108b   Thumb Code   228  dmul.o(.text)
    __aeabi_ddiv                             0x0800116f   Thumb Code   222  ddiv.o(.text)
    __ARM_scalbn                             0x0800124d   Thumb Code    46  dscalb.o(.text)
    scalbn                                   0x0800124d   Thumb Code     0  dscalb.o(.text)
    __aeabi_cdcmpeq                          0x0800127d   Thumb Code     0  cdcmple.o(.text)
    __aeabi_cdcmple                          0x0800127d   Thumb Code    38  cdcmple.o(.text)
    __aeabi_cfcmpeq                          0x080012a5   Thumb Code     0  cfcmple.o(.text)
    __aeabi_cfcmple                          0x080012a5   Thumb Code    20  cfcmple.o(.text)
    __aeabi_uidiv                            0x080012b9   Thumb Code     0  uidiv.o(.text)
    __aeabi_uidivmod                         0x080012b9   Thumb Code    44  uidiv.o(.text)
    __aeabi_uldivmod                         0x080012e5   Thumb Code    98  uldiv.o(.text)
    __aeabi_llsl                             0x08001347   Thumb Code    30  llshl.o(.text)
    _ll_shift_l                              0x08001347   Thumb Code     0  llshl.o(.text)
    __aeabi_lasr                             0x08001365   Thumb Code    36  llsshr.o(.text)
    _ll_sshift_r                             0x08001365   Thumb Code     0  llsshr.o(.text)
    __I$use$fp                               0x08001389   Thumb Code     0  iusefp.o(.text)
    _double_round                            0x08001389   Thumb Code    26  depilogue.o(.text)
    _double_epilogue                         0x080013a3   Thumb Code   156  depilogue.o(.text)
    __aeabi_i2d                              0x0800143f   Thumb Code    34  dflti.o(.text)
    __aeabi_d2ulz                            0x08001461   Thumb Code    48  dfixul.o(.text)
    __aeabi_cdrcmple                         0x08001491   Thumb Code    38  cdrcmple.o(.text)
    __scatterload                            0x080014b9   Thumb Code    28  init.o(.text)
    __scatterload_rt2                        0x080014b9   Thumb Code     0  init.o(.text)
    __aeabi_llsr                             0x080014dd   Thumb Code    32  llushr.o(.text)
    _ll_ushift_r                             0x080014dd   Thumb Code     0  llushr.o(.text)
    __0printf                                0x080014fd   Thumb Code    22  printfa.o(i.__0printf)
    __1printf                                0x080014fd   Thumb Code     0  printfa.o(i.__0printf)
    __2printf                                0x080014fd   Thumb Code     0  printfa.o(i.__0printf)
    __c89printf                              0x080014fd   Thumb Code     0  printfa.o(i.__0printf)
    printf                                   0x080014fd   Thumb Code     0  printfa.o(i.__0printf)
    __kernel_poly                            0x0800151d   Thumb Code   170  poly.o(i.__kernel_poly)
    __scatterload_copy                       0x080015c7   Thumb Code    14  handlers.o(i.__scatterload_copy)
    __scatterload_null                       0x080015d5   Thumb Code     2  handlers.o(i.__scatterload_null)
    __scatterload_zeroinit                   0x080015d7   Thumb Code    14  handlers.o(i.__scatterload_zeroinit)
    __set_errno                              0x080015e5   Thumb Code     6  errno.o(i.__set_errno)
    log                                      0x08001e85   Thumb Code   822  log.o(i.log)
    log10                                    0x080021f5   Thumb Code   212  log10.o(i.log10)
    x                                        0x080022e8   Data         512  main.o(.constdata)
    __mathlib_zero                           0x08002520   Data           8  qnan.o(.constdata)
    Region$$Table$$Base                      0x08002528   Number         0  anon$$obj.o(Region$$Table)
    Region$$Table$$Limit                     0x08002548   Number         0  anon$$obj.o(Region$$Table)
    SystemCoreClock                          0x20000014   Data           4  system_stm32f10x.o(.data)
    AHBPrescTable                            0x20000018   Data          16  system_stm32f10x.o(.data)
    rtInfF                                   0x20000028   Data           4  rt_nonfinite.o(.data)
    rtMinusInfF                              0x2000002c   Data           4  rt_nonfinite.o(.data)
    rtNaNF                                   0x20000030   Data           4  rt_nonfinite.o(.data)
    rtInf                                    0x20000038   Data           8  rt_nonfinite.o(.data)
    rtMinusInf                               0x20000040   Data           8  rt_nonfinite.o(.data)
    rtNaN                                    0x20000048   Data           8  rt_nonfinite.o(.data)
    __stdout                                 0x20000050   Data           4  stdout.o(.data)
    __initial_sp                             0x20000458   Data           0  startup_stm32f10x_hd.o(STACK)



==============================================================================

Memory Map of the image

  Image Entry point : 0x08000131

  Load Region LR_IROM1 (Base: 0x08000000, Size: 0x000025a0, Max: 0x00080000, ABSOLUTE)

    Execution Region ER_IROM1 (Base: 0x08000000, Size: 0x00002548, Max: 0x00080000, ABSOLUTE)

    Base Addr    Size         Type   Attr      Idx    E Section Name        Object

    0x08000000   0x00000130   Data   RO            3    RESET               startup_stm32f10x_hd.o
    0x08000130   0x00000000   Code   RO          364  * .ARM.Collect$$$$00000000  mc_w.l(entry.o)
    0x08000130   0x00000004   Code   RO          650    .ARM.Collect$$$$00000001  mc_w.l(entry2.o)
    0x08000134   0x00000004   Code   RO          653    .ARM.Collect$$$$00000004  mc_w.l(entry5.o)
    0x08000138   0x00000000   Code   RO          655    .ARM.Collect$$$$00000008  mc_w.l(entry7b.o)
    0x08000138   0x00000000   Code   RO          657    .ARM.Collect$$$$0000000A  mc_w.l(entry8b.o)
    0x08000138   0x00000008   Code   RO          658    .ARM.Collect$$$$0000000B  mc_w.l(entry9a.o)
    0x08000140   0x00000000   Code   RO          660    .ARM.Collect$$$$0000000D  mc_w.l(entry10a.o)
    0x08000140   0x00000000   Code   RO          662    .ARM.Collect$$$$0000000F  mc_w.l(entry11a.o)
    0x08000140   0x00000004   Code   RO          651    .ARM.Collect$$$$00002712  mc_w.l(entry2.o)
    0x08000144   0x00000024   Code   RO            4    .text               startup_stm32f10x_hd.o
    0x08000168   0x00000078   Code   RO           10    .text               main.o
    0x080001e0   0x00000014   Code   RO          101    .text               stm32f10x_it.o
    0x080001f4   0x00000194   Code   RO          117    .text               usart1.o
    0x08000388   0x000002b4   Code   RO          136    .text               stm32f10x_rcc.o
    0x0800063c   0x0000026c   Code   RO          150    .text               stm32f10x_gpio.o
    0x080008a8   0x00000328   Code   RO          162    .text               stm32f10x_usart.o
    0x08000bd0   0x00000154   Code   RO          233    .text               system_stm32f10x.o
    0x08000d24   0x000000d8   Code   RO          251    .text               fft_fp.o
    0x08000dfc   0x00000006   Code   RO          276    .text               fft_fp_initialize.o
    0x08000e02   0x00000002   PAD
    0x08000e04   0x000000a4   Code   RO          306    .text               rt_nonfinite.o
    0x08000ea8   0x00000050   Code   RO          330    .text               rtgetinf.o
    0x08000ef8   0x00000044   Code   RO          343    .text               rtgetnan.o
    0x08000f3c   0x0000014e   Code   RO          628    .text               mf_w.l(dadd.o)
    0x0800108a   0x000000e4   Code   RO          630    .text               mf_w.l(dmul.o)
    0x0800116e   0x000000de   Code   RO          632    .text               mf_w.l(ddiv.o)
    0x0800124c   0x0000002e   Code   RO          634    .text               mf_w.l(dscalb.o)
    0x0800127a   0x00000002   PAD
    0x0800127c   0x00000028   Code   RO          636    .text               mf_w.l(cdcmple.o)
    0x080012a4   0x00000014   Code   RO          638    .text               mf_w.l(cfcmple.o)
    0x080012b8   0x0000002c   Code   RO          665    .text               mc_w.l(uidiv.o)
    0x080012e4   0x00000062   Code   RO          667    .text               mc_w.l(uldiv.o)
    0x08001346   0x0000001e   Code   RO          669    .text               mc_w.l(llshl.o)
    0x08001364   0x00000024   Code   RO          671    .text               mc_w.l(llsshr.o)
    0x08001388   0x00000000   Code   RO          680    .text               mc_w.l(iusefp.o)
    0x08001388   0x000000b6   Code   RO          681    .text               mf_w.l(depilogue.o)
    0x0800143e   0x00000022   Code   RO          683    .text               mf_w.l(dflti.o)
    0x08001460   0x00000030   Code   RO          685    .text               mf_w.l(dfixul.o)
    0x08001490   0x00000028   Code   RO          687    .text               mf_w.l(cdrcmple.o)
    0x080014b8   0x00000024   Code   RO          692    .text               mc_w.l(init.o)
    0x080014dc   0x00000020   Code   RO          694    .text               mc_w.l(llushr.o)
    0x080014fc   0x00000020   Code   RO          600    i.__0printf         mc_w.l(printfa.o)
    0x0800151c   0x000000aa   Code   RO          689    i.__kernel_poly     m_ws.l(poly.o)
    0x080015c6   0x0000000e   Code   RO          698    i.__scatterload_copy  mc_w.l(handlers.o)
    0x080015d4   0x00000002   Code   RO          699    i.__scatterload_null  mc_w.l(handlers.o)
    0x080015d6   0x0000000e   Code   RO          700    i.__scatterload_zeroinit  mc_w.l(handlers.o)
    0x080015e4   0x0000000c   Code   RO          675    i.__set_errno       mc_w.l(errno.o)
    0x080015f0   0x00000164   Code   RO          607    i._fp_digits        mc_w.l(printfa.o)
    0x08001754   0x000006dc   Code   RO          608    i._printf_core      mc_w.l(printfa.o)
    0x08001e30   0x00000024   Code   RO          609    i._printf_post_padding  mc_w.l(printfa.o)
    0x08001e54   0x0000002e   Code   RO          610    i._printf_pre_padding  mc_w.l(printfa.o)
    0x08001e82   0x00000002   PAD
    0x08001e84   0x00000370   Code   RO          641    i.log               m_ws.l(log.o)
    0x080021f4   0x000000f4   Code   RO          357    i.log10             m_ws.l(log10.o)
    0x080022e8   0x00000200   Data   RO           12    .constdata          main.o
    0x080024e8   0x00000038   Data   RO          642    .constdata          m_ws.l(log.o)
    0x08002520   0x00000008   Data   RO          691    .constdata          m_ws.l(qnan.o)
    0x08002528   0x00000020   Data   RO          696    Region$$Table       anon$$obj.o


    Execution Region RW_IRAM1 (Base: 0x20000000, Size: 0x00000458, Max: 0x00010000, ABSOLUTE)

    Base Addr    Size         Type   Attr      Idx    E Section Name        Object

    0x20000000   0x00000014   Data   RW          137    .data               stm32f10x_rcc.o
    0x20000014   0x00000014   Data   RW          234    .data               system_stm32f10x.o
    0x20000028   0x00000028   Data   RW          307    .data               rt_nonfinite.o
    0x20000050   0x00000004   Data   RW          664    .data               mc_w.l(stdout.o)
    0x20000054   0x00000004   Data   RW          676    .data               mc_w.l(errno.o)
    0x20000058   0x00000400   Zero   RW            1    STACK               startup_stm32f10x_hd.o


==============================================================================

Image component sizes


      Code (inc. data)   RO Data    RW Data    ZI Data      Debug   Object Name

       216         12          0          0          0       4116   fft_fp.o
         6          0          0          0          0        472   fft_fp_initialize.o
       120         76        512          0          0     233440   main.o
       164          6          0         40          0       1748   rt_nonfinite.o
        80         14          0          0          0       1856   rtgetinf.o
        68         10          0          0          0       1515   rtgetnan.o
        36          8        304          0       1024        872   startup_stm32f10x_hd.o
       620         36          0          0          0       4961   stm32f10x_gpio.o
        20          0          0          0          0       1293   stm32f10x_it.o
       692         32          0         20          0       8120   stm32f10x_rcc.o
       808         22          0          0          0       7300   stm32f10x_usart.o
       340         32          0         20          0       1907   system_stm32f10x.o
       404         10          0          0          0       3616   usart1.o

    ----------------------------------------------------------------------
      3576        258        848         80       1024     271216   Object Totals
         0          0         32          0          0          0   (incl. Generated)
         2          0          0          0          0          0   (incl. Padding)

    ----------------------------------------------------------------------

      Code (inc. data)   RO Data    RW Data    ZI Data      Debug   Library Member Name

       880         58         56          0          0        264   log.o
       244         32          0          0          0        128   log10.o
       170          0          0          0          0         96   poly.o
         0          0          8          0          0          0   qnan.o
         0          0          0          0          0          0   entry.o
         0          0          0          0          0          0   entry10a.o
         0          0          0          0          0          0   entry11a.o
         8          4          0          0          0          0   entry2.o
         4          0          0          0          0          0   entry5.o
         0          0          0          0          0          0   entry7b.o
         0          0          0          0          0          0   entry8b.o
         8          4          0          0          0          0   entry9a.o
        12          6          0          4          0         68   errno.o
        30          0          0          0          0          0   handlers.o
        36          8          0          0          0         68   init.o
         0          0          0          0          0          0   iusefp.o
        30          0          0          0          0         68   llshl.o
        36          0          0          0          0         68   llsshr.o
        32          0          0          0          0         68   llushr.o
      2226         90          0          0          0        444   printfa.o
         0          0          0          4          0          0   stdout.o
        44          0          0          0          0         80   uidiv.o
        98          0          0          0          0         92   uldiv.o
        40          2          0          0          0         68   cdcmple.o
        40          2          0          0          0         68   cdrcmple.o
        20          0          0          0          0         68   cfcmple.o
       334          0          0          0          0        148   dadd.o
       222          0          0          0          0        100   ddiv.o
       182          0          0          0          0        176   depilogue.o
        48          0          0          0          0         68   dfixul.o
        34          0          0          0          0         76   dflti.o
       228          0          0          0          0         96   dmul.o
        46          0          0          0          0         80   dscalb.o

    ----------------------------------------------------------------------
      5056        206         64          8          0       2392   Library Totals
         4          0          0          0          0          0   (incl. Padding)

    ----------------------------------------------------------------------

      Code (inc. data)   RO Data    RW Data    ZI Data      Debug   Library Name

      1294         90         64          0          0        488   m_ws.l
      2564        112          0          8          0        956   mc_w.l
      1194          4          0          0          0        948   mf_w.l

    ----------------------------------------------------------------------
      5056        206         64          8          0       2392   Library Totals

    ----------------------------------------------------------------------

==============================================================================


      Code (inc. data)   RO Data    RW Data    ZI Data      Debug   

      8632        464        912         88       1024     271524   Grand Totals
      8632        464        912         88       1024     271524   ELF Image Totals
      8632        464        912         88          0          0   ROM Totals

==============================================================================

    Total RO  Size (Code + RO Data)                 9544 (   9.32kB)
    Total RW  Size (RW Data + ZI Data)              1112 (   1.09kB)
    Total ROM Size (Code + RO Data + RW Data)       9632 (   9.41kB)

==============================================================================

